638 INFO: PyInstaller: 6.3.0
639 INFO: Python: 3.12.0
707 INFO: Platform: Windows-11-10.0.26200-SP0
709 INFO: wrote C:\Users\lauty\OneDrive\Escritorio\Sistema de venta\SistemaVentas.spec
714 INFO: Removing temporary files and cleaning cache in C:\Users\lauty\AppData\Local\pyinstaller
753 INFO: Extending PYTHONPATH with paths
['C:\\Users\\lauty\\OneDrive\\Escritorio\\Sistema de venta']
1462 INFO: checking Analysis
1463 INFO: Building Analysis because Analysis-00.toc is non existent
1463 INFO: Initializing module dependency graph...
1466 INFO: Caching module graph hooks...
1495 INFO: Analyzing base_library.zip ...
3969 INFO: Loading module hook 'hook-heapq.py' from 'C:\\Users\\lauty\\OneDrive\\Escritorio\\Sistema de venta\\.venv\\Lib\\site-packages\\PyInstaller\\hooks'...
4117 INFO: Loading module hook 'hook-encodings.py' from 'C:\\Users\\lauty\\OneDrive\\Escritorio\\Sistema de venta\\.venv\\Lib\\site-packages\\PyInstaller\\hooks'...
6710 INFO: Loading module hook 'hook-pickle.py' from 'C:\\Users\\lauty\\OneDrive\\Escritorio\\Sistema de venta\\.venv\\Lib\\site-packages\\PyInstaller\\hooks'...
9100 INFO: Caching module dependency graph...
9274 INFO: Running Analysis Analysis-00.toc
9274 INFO: Looking for Python shared library...
9517 INFO: Using Python shared library: C:\Python312\python312.dll
9517 INFO: Analyzing C:\Users\lauty\OneDrive\Escritorio\Sistema de venta\main.py
9771 INFO: Loading module hook 'hook-sqlite3.py' from 'C:\\Users\\lauty\\OneDrive\\Escritorio\\Sistema de venta\\.venv\\Lib\\site-packages\\PyInstaller\\hooks'...
10556 INFO: Loading module hook 'hook-PIL.py' from 'C:\\Users\\lauty\\OneDrive\\Escritorio\\Sistema de venta\\.venv\\Lib\\site-packages\\PyInstaller\\hooks'...
10811 INFO: Loading module hook 'hook-PIL.Image.py' from 'C:\\Users\\lauty\\OneDrive\\Escritorio\\Sistema de venta\\.venv\\Lib\\site-packages\\PyInstaller\\hooks'...
12028 INFO: Loading module hook 'hook-packaging.py' from 'C:\\Users\\lauty\\OneDrive\\Escritorio\\Sistema de venta\\.venv\\Lib\\site-packages\\PyInstaller\\hooks'...
12101 INFO: Loading module hook 'hook-PIL.ImageFilter.py' from 'C:\\Users\\lauty\\OneDrive\\Escritorio\\Sistema de venta\\.venv\\Lib\\site-packages\\PyInstaller\\hooks'...
12394 INFO: Loading module hook 'hook-reportlab.lib.utils.py' from 'C:\\Users\\lauty\\OneDrive\\Escritorio\\Sistema de venta\\.venv\\Lib\\site-packages\\_pyinstaller_hooks_contrib\\stdhooks'...
12513 INFO: Loading module hook 'hook-platform.py' from 'C:\\Users\\lauty\\OneDrive\\Escritorio\\Sistema de venta\\.venv\\Lib\\site-packages\\PyInstaller\\hooks'...
13013 INFO: Loading module hook 'hook-reportlab.pdfbase._fontdata.py' from 'C:\\Users\\lauty\\OneDrive\\Escritorio\\Sistema de venta\\.venv\\Lib\\site-packages\\_pyinstaller_hooks_contrib\\stdhooks'...
14322 INFO: Loading module hook 'hook-difflib.py' from 'C:\\Users\\lauty\\OneDrive\\Escritorio\\Sistema de venta\\.venv\\Lib\\site-packages\\PyInstaller\\hooks'...
14661 INFO: Loading module hook 'hook-sysconfig.py' from 'C:\\Users\\lauty\\OneDrive\\Escritorio\\Sistema de venta\\.venv\\Lib\\site-packages\\PyInstaller\\hooks'...
15316 INFO: Loading module hook 'hook-multiprocessing.util.py' from 'C:\\Users\\lauty\\OneDrive\\Escritorio\\Sistema de venta\\.venv\\Lib\\site-packages\\PyInstaller\\hooks'...
15438 INFO: Loading module hook 'hook-xml.py' from 'C:\\Users\\lauty\\OneDrive\\Escritorio\\Sistema de venta\\.venv\\Lib\\site-packages\\PyInstaller\\hooks'...
18746 INFO: Loading module hook 'hook-xml.dom.domreg.py' from 'C:\\Users\\lauty\\OneDrive\\Escritorio\\Sistema de venta\\.venv\\Lib\\site-packages\\PyInstaller\\hooks'...
19263 INFO: Loading module hook 'hook-urllib3.py' from 'C:\\Users\\lauty\\OneDrive\\Escritorio\\Sistema de venta\\.venv\\Lib\\site-packages\\_pyinstaller_hooks_contrib\\stdhooks'...
20789 INFO: Loading module hook 'hook-charset_normalizer.py' from 'C:\\Users\\lauty\\OneDrive\\Escritorio\\Sistema de venta\\.venv\\Lib\\site-packages\\_pyinstaller_hooks_contrib\\stdhooks'...
20990 INFO: Loading module hook 'hook-certifi.py' from 'C:\\Users\\lauty\\OneDrive\\Escritorio\\Sistema de venta\\.venv\\Lib\\site-packages\\_pyinstaller_hooks_contrib\\stdhooks'...
21156 INFO: Processing module hooks...
21505 INFO: Loading module hook 'hook-PIL.SpiderImagePlugin.py' from 'C:\\Users\\lauty\\OneDrive\\Escritorio\\Sistema de venta\\.venv\\Lib\\site-packages\\PyInstaller\\hooks'...
21739 INFO: Loading module hook 'hook-_tkinter.py' from 'C:\\Users\\lauty\\OneDrive\\Escritorio\\Sistema de venta\\.venv\\Lib\\site-packages\\PyInstaller\\hooks'...
21742 INFO: checking Tree
21742 INFO: Building Tree because Tree-00.toc is non existent
21742 INFO: Building Tree Tree-00.toc
21846 INFO: checking Tree
21847 INFO: Building Tree because Tree-01.toc is non existent
21847 INFO: Building Tree Tree-01.toc
21860 INFO: checking Tree
21861 INFO: Building Tree because Tree-02.toc is non existent
21861 INFO: Building Tree Tree-02.toc
21891 INFO: Performing binary vs. data reclassification (927 entries)
